// Jest Snapshot v1, https://goo.gl/fbAQLP

exports[`快照 1`] = `"<div><input data-test=\\"input\\" value=\\"\\"/></div>"`;
